[srinubasava.com/wb/slick/index.html]
[backblue.gif]
[fade.gif]
[index.html]
[srinubasava.com/wb/slick/js/html5-trunk.js]
[srinubasava.com/wb/slick/icomoon/style.css]
[srinubasava.com/wb/slick/css/bootstrap.css]
[srinubasava.com/wb/slick/css/main.css]
[srinubasava.com/wb/slick/index-2.html]
[srinubasava.com/wb/slick/ui-elements.html]
[srinubasava.com/wb/slick/forms.html]
[srinubasava.com/wb/slick/charts.html]
[srinubasava.com/wb/slick/tables.html]
[srinubasava.com/wb/slick/gallery.html]
[srinubasava.com/wb/slick/login.html]
[srinubasava.com/wb/slick/invoice.html]
[srinubasava.com/wb/slick/maps.html]
[srinubasava.com/wb/slick/profile.html]
[srinubasava.com/wb/slick/typography.html]
[srinubasava.com/wb/slick/calendar.html]
[srinubasava.com/wb/slick/mail.html]
[srinubasava.com/wb/slick/icons.html]
[srinubasava.com/wb/slick/grid.html]
[srinubasava.com/wb/slick/error.html]
[srinubasava.com/wb/slick/img/avatar-1.png]
[srinubasava.com/wb/slick/img/avatar-2.png]
[srinubasava.com/wb/slick/img/avatar-3.png]
[srinubasava.com/wb/slick/img/male.png]
[srinubasava.com/wb/slick/img/female.png]
[srinubasava.com/wb/slick/img/avatar-8.png]
[srinubasava.com/wb/slick/img/avatar-5.png]
[srinubasava.com/wb/slick/img/avatar-7.png]
[srinubasava.com/wb/slick/img/avatar-4.png]
[srinubasava.com/wb/slick/img/avatar-6.png]
[lh3.googleusercontent.com/-2bwVLxkBp4s/UhQgsPWp4sI/AAAAAAAAAow/ONJkUXwK094/w816-h612-no/DSC05914.JPG]
[fbcdn-sphotos-b-a.akamaihd.net/hphotos-ak-ash3/1044333_568385483212358_1782121117_n.jpg]
[lh3.googleusercontent.com/-Ogzm_G380UU/UhQeaYYEmrI/AAAAAAAAAoE/_gkyiYmhvXk/w816-h612-no/DSC05804.JPG]
[lh5.googleusercontent.com/-qd7ZXSodT7c/UhQhRkkZK3I/AAAAAAAAApQ/eAAkY4eBc-o/w816-h612-no/DSC05369.JPG]
[srinubasava.com/wb/slick/js/wysiwyg/wysihtml5-0.3.0.js]
[srinubasava.com/wb/slick/js/bootstrap.js]
[srinubasava.com/wb/slick/js/jquery-ui-1.8.23.custom.min.js]
[srinubasava.com/wb/slick/js/jquery.min.js]
[srinubasava.com/wb/slick/js/flot/jquery.flot.resize.min.js]
[srinubasava.com/wb/slick/js/flot/jquery.flot.js]
[srinubasava.com/wb/slick/js/flot/jquery.flot.tooltip.js]
[srinubasava.com/wb/slick/js/jquery.easy-pie-chart.js]
[srinubasava.com/wb/slick/js/tiny-scrollbar.js]
[srinubasava.com/wb/slick/js/jquery.sparkline.js]
[srinubasava.com/wb/slick/js/rating/jquery.raty.js]
[srinubasava.com/wb/slick/js/custom-index.js]
[srinubasava.com/wb/slick/js/custom.js]
[www.google-analytics.com/analytics.js]
[srinubasava.com/wb/slick/index.html]
[srinubasava.com/wb/slick/icomoon/fonts/icomoon.eot]
[srinubasava.com/wb/slick/icomoon/fonts/icomoon.woff]
[srinubasava.com/wb/slick/icomoon/fonts/icomoond41d.eot]
[srinubasava.com/wb/slick/icomoon/fonts/icomoon.ttf]
[srinubasava.com/wb/slick/icomoon/style.css]
[srinubasava.com/wb/slick/fonts/glyphicons-halflings-regular.eot]
[srinubasava.com/wb/slick/fonts/glyphicons-halflings-regular.woff]
[srinubasava.com/wb/slick/fonts/glyphicons-halflings-regulard41d.eot]
[srinubasava.com/wb/slick/fonts/glyphicons-halflings-regular.ttf]
[srinubasava.com/wb/slick/css/bootstrap.css]
[srinubasava.com/wb/slick/css/main.css]
[srinubasava.com/wb/slick/index-2.html]
[srinubasava.com/wb/slick/ui-elements.html]
[srinubasava.com/wb/slick/css/wysiwyg/bootstrap-wysihtml5.css]
[srinubasava.com/wb/slick/css/wysiwyg/wysiwyg-color.css]
[srinubasava.com/wb/slick/js/wysiwyg/bootstrap-wysihtml5.js]
[srinubasava.com/wb/slick/js/wizard/bwizard.min.js]
[srinubasava.com/wb/slick/js/custom-forms.js]
[srinubasava.com/wb/slick/forms.html]
[srinubasava.com/wb/slick/js/google-graphs/jsapi.js]
[srinubasava.com/wb/slick/js/google-graphs/maps-api.js]
[srinubasava.com/wb/slick/js/custom-graphs.js]
[srinubasava.com/wb/slick/charts.html]
[srinubasava.com/wb/slick/img/edit-icon.png]
[srinubasava.com/wb/slick/img/trash-icon.png]
[srinubasava.com/wb/slick/js/jquery.dataTables.js]
[srinubasava.com/wb/slick/js/custom-tables.js]
[srinubasava.com/wb/slick/tables.html]
[lh6.googleusercontent.com/-LhWwJaP9mSk/UhQhW7zhkMI/AAAAAAAAApY/eAHZuIH-0IM/w816-h612-no/DSC05362.JPG]
[sphotos-a-sjc.xx.fbcdn.net/hphotos-ash3/1010494_564886796895560_2068238558_n.jpg]
[fbcdn-sphotos-c-a.akamaihd.net/hphotos-ak-ash4/999061_578660825518157_175056068_n.jpg]
[lh3.googleusercontent.com/-H4ixNUHonCg/UhQif8DGCyI/AAAAAAAAAqA/wfeWqRnDa-0/w816-h612-no/DSC05123.JPG]
[srinubasava.com/wb/slick/gallery.html]
[srinubasava.com/wb/slick/img/logo.png]
[srinubasava.com/wb/slick/login.html]
[srinubasava.com/wb/slick/invoice.html]
[srinubasava.com/wb/slick/js/jqvmap/jquery.vmap.js]
[srinubasava.com/wb/slick/js/jqvmap/maps/jquery.vmap.usa.js]
[srinubasava.com/wb/slick/js/jqvmap/maps/jquery.vmap.russia.js]
[srinubasava.com/wb/slick/js/jqvmap/maps/jquery.vmap.world.js]
[srinubasava.com/wb/slick/js/jqvmap/data/jquery.vmap.sampledata.js]
[srinubasava.com/wb/slick/js/jqvmap/maps/jquery.vmap.germany.js]
[srinubasava.com/wb/slick/js/custom-maps.js]
[srinubasava.com/wb/slick/maps.html]
[srinubasava.com/wb/slick/profile.html]
[srinubasava.com/wb/slick/typography.html]
[srinubasava.com/wb/slick/css/fullcalendar.css]
[srinubasava.com/wb/slick/calendar.html]
[srinubasava.com/wb/slick/mail.html]
[srinubasava.com/wb/slick/icons.html]
[srinubasava.com/wb/slick/grid.html]
[srinubasava.com/wb/slick/error.html]
[srinubasava.com/wb/slick/icomoon/fonts/icomoon.svg]
[srinubasava.com/wb/slick/fonts/glyphicons-halflings-regular.svg]
[srinubasava.com/wb/slick/css/wysiwyg/bootstrap-wysihtml5.css]
[srinubasava.com/wb/slick/css/wysiwyg/wysiwyg-color.css]
[srinubasava.com/wb/slick/css/fullcalendar.css]
[srinubasava.com/wb/slick/js/fullcalendar.js]
